syscalls2.c:77:6:initialise_monitor_handles	4	static
syscalls2.c:81:5:_getpid	4	static
syscalls2.c:86:5:_kill	16	static
syscalls2.c:92:6:_exit	16	static
syscalls2.c:98:5:_read	24	static
syscalls2.c:118:5:_write	32	static
syscalls2.c:145:5:_close	16	static
syscalls2.c:151:5:_fstat	16	static
syscalls2.c:157:5:_isatty	16	static
syscalls2.c:162:5:_lseek	24	static
syscalls2.c:167:5:_open	12	static
syscalls2.c:173:5:_wait	16	static
syscalls2.c:179:5:_unlink	16	static
syscalls2.c:185:5:_times	16	static
syscalls2.c:190:5:_stat	16	static
syscalls2.c:196:5:_link	16	static
syscalls2.c:202:5:_fork	8	static
syscalls2.c:208:5:_execve	24	static
